core_cm0plus.h:733:22:__NVIC_EnableIRQ	16	static
fsl_clock.h:601:20:CLOCK_EnableClock	24	static
fsl_clock.h:612:20:CLOCK_DisableClock	24	static
fsl_common.h:405:28:EnableIRQ	16	static
fsl_lpsci.c:124:10:LPSCI_GetInstance	24	static
fsl_lpsci.c:142:8:LPSCI_TransferGetRxRingBufferLength	24	static
fsl_lpsci.c:160:13:LPSCI_TransferIsRxRingBufferFull	24	static
fsl_lpsci.c:178:13:LPSCI_ReadNonBlocking	32	static
fsl_lpsci.c:192:13:LPSCI_WriteNonBlocking	32	static
fsl_lpsci.c:206:10:LPSCI_Init	64	static
fsl_lpsci.c:321:6:LPSCI_Deinit	16	static
fsl_lpsci.c:334:6:LPSCI_GetDefaultConfig	16	static
fsl_lpsci.c:346:10:LPSCI_SetBaudRate	64	static
fsl_lpsci.c:427:6:LPSCI_EnableInterrupts	16	static
fsl_lpsci.c:438:6:LPSCI_DisableInterrupts	16	static
fsl_lpsci.c:449:10:LPSCI_GetEnabledInterrupts	24	static
fsl_lpsci.c:457:10:LPSCI_GetStatusFlags	24	static
fsl_lpsci.c:469:10:LPSCI_ClearStatusFlags	24	static
fsl_lpsci.c:515:6:LPSCI_WriteBlocking	24	static
fsl_lpsci.c:530:10:LPSCI_ReadBlocking	32	static
fsl_lpsci.c:572:6:LPSCI_TransferCreateHandle	32	static
fsl_lpsci.c:604:6:LPSCI_TransferStartRingBuffer	24	static
fsl_lpsci.c:625:6:LPSCI_TransferStopRingBuffer	16	static
fsl_lpsci.c:647:10:LPSCI_TransferSendNonBlocking	32	static
fsl_lpsci.c:677:6:LPSCI_TransferAbortSend	16	static
fsl_lpsci.c:687:10:LPSCI_TransferGetSendCount	24	static
fsl_lpsci.c:702:10:LPSCI_TransferReceiveNonBlocking	56	static
fsl_lpsci.c:824:6:LPSCI_TransferAbortReceive	16	static
fsl_lpsci.c:845:10:LPSCI_TransferGetReceiveCount	24	static
fsl_lpsci.c:860:6:LPSCI_TransferHandleIRQ	32	static
fsl_lpsci.c:1110:6:LPSCI_TransferHandleErrorIRQ	16	static
fsl_lpsci.c:1116:6:UART0_DriverIRQHandler	8	static
