core_cm0plus.h:733:22:__NVIC_EnableIRQ	16	static
fsl_clock.h:601:20:CLOCK_EnableClock	24	static
fsl_clock.h:612:20:CLOCK_DisableClock	24	static
fsl_common.h:405:28:EnableIRQ	16	static
fsl_uart.c:147:10:UART_GetInstance	24	static
fsl_uart.c:166:8:UART_TransferGetRxRingBufferLength	24	static
fsl_uart.c:184:13:UART_TransferIsRxRingBufferFull	24	static
fsl_uart.c:202:10:UART_Init	40	static
fsl_uart.c:339:6:UART_Deinit	16	static
fsl_uart.c:361:6:UART_GetDefaultConfig	16	static
fsl_uart.c:383:10:UART_SetBaudRate	48	static
fsl_uart.c:451:6:UART_EnableInterrupts	16	static
fsl_uart.c:466:6:UART_DisableInterrupts	16	static
fsl_uart.c:481:10:UART_GetEnabledInterrupts	24	static
fsl_uart.c:494:10:UART_GetStatusFlags	24	static
fsl_uart.c:511:10:UART_ClearStatusFlags	24	static
fsl_uart.c:562:6:UART_WriteBlocking	24	static
fsl_uart.c:575:13:UART_WriteNonBlocking	32	static
fsl_uart.c:589:10:UART_ReadBlocking	32	static
fsl_uart.c:631:13:UART_ReadNonBlocking	32	static
fsl_uart.c:645:6:UART_TransferCreateHandle	32	static
fsl_uart.c:676:6:UART_TransferStartRingBuffer	24	static
fsl_uart.c:697:6:UART_TransferStopRingBuffer	16	static
fsl_uart.c:718:10:UART_TransferSendNonBlocking	32	static
fsl_uart.c:748:6:UART_TransferAbortSend	16	static
fsl_uart.c:758:10:UART_TransferGetSendCount	24	static
fsl_uart.c:773:10:UART_TransferReceiveNonBlocking	56	static
fsl_uart.c:895:6:UART_TransferAbortReceive	16	static
fsl_uart.c:916:10:UART_TransferGetReceiveCount	24	static
fsl_uart.c:936:6:UART_TransferHandleIRQ	32	static
fsl_uart.c:1218:6:UART_TransferHandleErrorIRQ	16	static
fsl_uart.c:1249:6:UART1_DriverIRQHandler	8	static
fsl_uart.c:1259:6:UART1_RX_TX_DriverIRQHandler	8	static
fsl_uart.c:1271:6:UART2_DriverIRQHandler	8	static
fsl_uart.c:1281:6:UART2_RX_TX_DriverIRQHandler	8	static
