core_cm0plus.h:733:22:__NVIC_EnableIRQ	16	static
fsl_clock.h:601:20:CLOCK_EnableClock	24	static
fsl_clock.h:612:20:CLOCK_DisableClock	24	static
fsl_common.h:405:28:EnableIRQ	16	static
fsl_i2c.h:401:20:I2C_Enable	16	static
fsl_i2c.h:434:24:I2C_SlaveGetStatusFlags	16	static
fsl_i2c.h:452:20:I2C_MasterClearStatusFlags	16	static
fsl_i2c.h:487:20:I2C_SlaveClearStatusFlags	16	static
fsl_i2c.c:171:10:I2C_GetInstance	24	static
fsl_i2c.c:189:13:I2C_SetHoldTime	64	static
fsl_i2c.c:237:17:I2C_InitTransferStateMachine	40	static
fsl_i2c.c:303:17:I2C_CheckAndClearError	24	static
fsl_i2c.c:326:17:I2C_MasterTransferRunStateMachine	48	static
fsl_i2c.c:489:13:I2C_TransferCommonIRQHandler	16	static
fsl_i2c.c:503:6:I2C_MasterInit	32	static
fsl_i2c.c:565:6:I2C_MasterDeinit	16	static
fsl_i2c.c:576:6:I2C_MasterGetDefaultConfig	16	static
fsl_i2c.c:600:6:I2C_EnableInterrupts	24	static
fsl_i2c.c:640:6:I2C_DisableInterrupts	16	static
fsl_i2c.c:662:6:I2C_MasterSetBaudRate	56	static
fsl_i2c.c:704:10:I2C_MasterStart	24	static
fsl_i2c.c:742:10:I2C_MasterRepeatedStart	32	static
fsl_i2c.c:794:10:I2C_MasterStop	24	static
fsl_i2c.c:822:10:I2C_MasterGetStatusFlags	24	static
fsl_i2c.c:845:10:I2C_MasterWriteBlocking	32	static
fsl_i2c.c:931:10:I2C_MasterReadBlocking	32	static
fsl_i2c.c:1021:10:I2C_MasterTransferBlocking	24	static
fsl_i2c.c:1220:6:I2C_MasterTransferCreateHandle	32	static
fsl_i2c.c:1246:10:I2C_MasterTransferNonBlocking	32	static
fsl_i2c.c:1273:10:I2C_MasterTransferAbort	24	static
fsl_i2c.c:1346:10:I2C_MasterTransferGetCount	24	static
fsl_i2c.c:1360:6:I2C_MasterTransferHandleIRQ	40	static
fsl_i2c.c:1404:6:I2C_SlaveInit	32	static
fsl_i2c.c:1466:6:I2C_SlaveDeinit	16	static
fsl_i2c.c:1477:6:I2C_SlaveGetDefaultConfig	16	static
fsl_i2c.c:1505:10:I2C_SlaveWriteBlocking	40	static
fsl_i2c.c:1554:10:I2C_SlaveReadBlocking	32	static
fsl_i2c.c:1640:6:I2C_SlaveTransferCreateHandle	32	static
fsl_i2c.c:1666:10:I2C_SlaveTransferNonBlocking	24	static
fsl_i2c.c:1699:6:I2C_SlaveTransferAbort	16	static
fsl_i2c.c:1716:10:I2C_SlaveTransferGetCount	24	static
fsl_i2c.c:1738:6:I2C_SlaveTransferHandleIRQ	48	static
fsl_i2c.c:1980:6:I2C0_DriverIRQHandler	8	static
fsl_i2c.c:1987:6:I2C1_DriverIRQHandler	8	static
