fsl_ftfx_flash.c:160:10:FLASH_Init	104	static
fsl_ftfx_flash.c:304:10:FLASH_Erase	32	static
fsl_ftfx_flash.c:324:10:FLASH_EraseAll	16	static
fsl_ftfx_flash.c:336:10:FLASH_Program	32	static
fsl_ftfx_flash.c:379:10:FLASH_ReadResource	40	static
fsl_ftfx_flash.c:389:10:FLASH_VerifyErase	32	static
fsl_ftfx_flash.c:409:10:FLASH_VerifyEraseAll	16	static
fsl_ftfx_flash.c:414:10:FLASH_VerifyProgram	56	static
fsl_ftfx_flash.c:440:10:FLASH_GetSecurityState	16	static
fsl_ftfx_flash.c:445:10:FLASH_SecurityBypass	16	static
fsl_ftfx_flash.c:559:10:FLASH_IsProtected	224	static
fsl_ftfx_flash.c:756:10:FLASH_IsExecuteOnly	40	static
fsl_ftfx_flash.c:878:10:FLASH_PflashSetProtection	16	static
fsl_ftfx_flash.c:927:10:FLASH_PflashGetProtection	16	static
fsl_ftfx_flash.c:960:10:FLASH_GetProperty	24	static
fsl_ftfx_flash.c:1035:13:flash_init_features	16	static
fsl_ftfx_flash.c:1058:17:flash_calculate_mem_size	32	static
fsl_ftfx_flash.c:1081:17:flash_calculate_prot_segment_size	24	static
fsl_ftfx_flash.c:1100:17:flash_check_range_to_get_index	40	static
fsl_ftfx_flash.c:1121:17:flash_convert_start_address	16	static
