fsl_clock.h:601:20:CLOCK_EnableClock	24	static
fsl_clock.h:612:20:CLOCK_DisableClock	24	static
fsl_clock.h:623:20:CLOCK_SetEr32kClock	16	static
fsl_clock.h:653:20:CLOCK_SetPllFllSelClock	16	static
fsl_clock.h:1058:20:OSC_SetExtRefClkConfig	24	static
fsl_clock.h:1084:20:OSC_SetCapLoad	24	static
fsl_clock.c:215:13:CLOCK_FllStableDelay	16	static
fsl_clock.c:235:17:CLOCK_GetMcgExtClkFreq	8	static
fsl_clock.c:242:17:CLOCK_GetFllExtRefClkFreq	16	static
fsl_clock.c:294:17:CLOCK_GetInternalRefClkSelectFreq	8	static
fsl_clock.c:308:17:CLOCK_GetFllRefClkFreq	8	static
fsl_clock.c:322:17:CLOCK_GetPll0RefFreq	8	static
fsl_clock.c:328:16:CLOCK_GetOscRangeFromFreq	24	static
fsl_clock.c:348:10:CLOCK_GetOsc0ErClkFreq	8	static
fsl_clock.c:362:10:CLOCK_GetEr32kClkFreq	16	static
fsl_clock.c:386:10:CLOCK_GetPllFllSelClkFreq	16	static
fsl_clock.c:407:10:CLOCK_GetPlatClkFreq	8	static
fsl_clock.c:412:10:CLOCK_GetFlashClkFreq	16	static
fsl_clock.c:422:10:CLOCK_GetBusClkFreq	16	static
fsl_clock.c:432:10:CLOCK_GetCoreSysClkFreq	8	static
fsl_clock.c:437:10:CLOCK_GetFreq	24	static
fsl_clock.c:483:6:CLOCK_SetSimConfig	16	static
fsl_clock.c:490:6:CLOCK_EnableUsbfs0Clock	24	static
fsl_clock.c:515:10:CLOCK_GetOutClkFreq	16	static
fsl_clock.c:541:10:CLOCK_GetFllFreq	16	static
fsl_clock.c:567:10:CLOCK_GetInternalRefClkFreq	8	static
fsl_clock.c:578:10:CLOCK_GetFixedFreqClkFreq	16	static
fsl_clock.c:593:10:CLOCK_GetPll0Freq	16	static
fsl_clock.c:617:10:CLOCK_SetExternalRefClkConfig	16	static
fsl_clock.c:625:10:CLOCK_SetInternalRefClkConfig	32	static
fsl_clock.c:673:10:CLOCK_CalcPllDiv	56	static
fsl_clock.c:770:6:CLOCK_EnablePll0	24	static
fsl_clock.c:790:6:CLOCK_SetOsc0MonitorMode	16	static
fsl_clock.c:813:6:CLOCK_SetPll0MonitorMode	24	static
fsl_clock.c:841:10:CLOCK_GetStatusFlags	16	static
fsl_clock.c:865:6:CLOCK_ClearStatusFlags	16	static
fsl_clock.c:877:6:CLOCK_InitOsc0	32	static
fsl_clock.c:895:6:CLOCK_DeinitOsc0	8	static
fsl_clock.c:901:10:CLOCK_TrimInternalRefClk	40	static
fsl_clock.c:977:12:CLOCK_GetMode	32	static
fsl_clock.c:1077:10:CLOCK_SetFeiMode	24	static
fsl_clock.c:1137:10:CLOCK_SetFeeMode	32	static
fsl_clock.c:1214:10:CLOCK_SetFbiMode	24	static
fsl_clock.c:1278:10:CLOCK_SetFbeMode	32	static
fsl_clock.c:1360:10:CLOCK_SetBlpiMode	8	static
fsl_clock.c:1375:10:CLOCK_SetBlpeMode	8	static
fsl_clock.c:1390:10:CLOCK_SetPbeMode	16	static
fsl_clock.c:1431:10:CLOCK_SetPeeMode	8	static
fsl_clock.c:1452:10:CLOCK_ExternalModeToFbeModeQuick	8	static
fsl_clock.c:1478:10:CLOCK_InternalModeToFbiModeQuick	8	static
fsl_clock.c:1498:10:CLOCK_BootToFeiMode	16	static
fsl_clock.c:1503:10:CLOCK_BootToFeeMode	24	static
fsl_clock.c:1511:10:CLOCK_BootToBlpiMode	24	static
fsl_clock.c:1528:10:CLOCK_BootToBlpeMode	16	static
fsl_clock.c:1559:10:CLOCK_BootToPeeMode	16	static
fsl_clock.c:1605:10:CLOCK_SetMcgConfig	40	static
